Wrapper :OK, exit 0, source :STABLE; before/after equal T; 449 blobs.
src/codec/cbor-float-minimal.lisp expressions 151/184; branches 31/40.
Missing expressions: ((0) (1) (2) (2 3 4 3) (1 2 3 4 3) (2 2 3 4 3) (3 2 3 4 3)
                      (2 2 4 4 3) (1 2 2 4 4 3) (2 2 2 4 4 3) (3 2 2 4 4 3) (4)
                      (2 4 5) (1 2 4 5) (2 2 4 5) (3 2 4 5) (2 5 5) (1 2 5 5)
                      (2 2 5 5) (3 2 5 5) (2 2 6 5) (1 2 2 6 5) (2 2 2 6 5)
                      (3 2 2 6 5) (6) (2 3 4 7) (1 2 3 4 7) (2 2 3 4 7)
                      (3 2 3 4 7) (2 2 4 4 7) (1 2 2 4 4 7) (2 2 2 4 4 7)
                      (3 2 2 4 4 7))
Missing branches: ((:ELSE 1 1 3 4 3) (:ELSE 1 3 4 3) (:THEN 1 2 4 4 3)
                   (:ELSE 1 4 5) (:ELSE 1 5 5) (:THEN 1 2 6 5)
                   (:ELSE 1 1 3 4 7) (:ELSE 1 3 4 7) (:THEN 1 2 4 4 7))
src/codec/cbor-minimal.lisp expressions 107/148; branches 21/28.
Missing expressions: ((0) (1) (2) (2 4 3) (1 2 4 3) (2 2 4 3) (3 2 4 3) (2 5 3)
                      (1 2 5 3) (2 2 5 3) (3 2 5 3) (1 6 3 6 3) (1 1 6 3 6 3)
                      (2 1 6 3 6 3) (3 1 6 3 6 3) (4) (2 4 5) (1 2 4 5)
                      (2 2 4 5) (3 2 4 5) (2 5 5) (1 2 5 5) (2 2 5 5) (3 2 5 5)
                      (1 5 6 5) (1 1 5 6 5) (2 1 5 6 5) (3 1 5 6 5) (6)
                      (2 3 4 7) (1 2 3 4 7) (2 2 3 4 7) (3 2 3 4 7) (4 2 3 4 7)
                      (5 2 3 4 7) (2 4 4 7) (1 2 4 4 7) (2 2 4 4 7) (3 2 4 4 7)
                      (4 2 4 4 7) (5 2 4 4 7))
Missing branches: ((:ELSE 1 4 3) (:ELSE 1 5 3) (:ELSE 1 4 5) (:ELSE 1 5 5)
                   (:ELSE 1 1 3 4 7) (:ELSE 1 3 4 7) (:ELSE 1 4 4 7))
Audit written and safely reread; full raw denominator, two exact source mappings.
