ok    TEST-REQ-AFF-008-WRITER-CONFIGURATION
ok    TEST-REQ-AFF-008-WRITER-DEFAULTS-AND-CONFIGURATION-BOUNDARIES
ok    TEST-REQ-CON-001-WRITER-FIFO-RING-WRAP-AND-NIL
ok    TEST-REQ-AFF-008-WRITER-FULL-REFUSAL-RETAINS-PAYLOAD
ok    TEST-REQ-CON-004-WRITER-GUARD-BUSY-DOES-NOT-MUTATE
ok    TEST-REQ-CON-001-WRITER-TARGET-SUBRANGE-AND-EMPTY
ok    TEST-REQ-AFF-004-WRITER-INVALID-TARGET-PREFLIGHT
ok    TEST-REQ-AFF-004-WRITER-PRIVATE-RING-ALIAS-REFUSED
ok    TEST-REQ-CON-001-WRITER-LEASE-LIFECYCLE
ok    TEST-REQ-CON-001-WRITER-STALE-LEASE-SAME-THREAD
ok    TEST-REQ-AFF-008-WRITER-QUANTUM-IS-CUMULATIVE-PER-LEASE
ok    TEST-REQ-AFF-008-WRITER-GENERATION-DOES-NOT-WRAP
ok    TEST-REQ-CON-001-WRITER-SEEDED-LIST-ORACLE
ok    TEST-REQ-CON-001-WRITER-FOREIGN-THREAD-CANNOT-USE-LEASE
ok    TEST-REQ-CON-001-WRITER-CAS-HAS-ONE-OWNER
  CPU due Serie: 1048576 byte, overlap 60008 tick, unita 1000000 tick/s.
ok    TEST-REQ-CON-003-INDEPENDENT-SERIES-PROGRESS-AND-CPU-OVERLAP
  wave 0: 144 messaggi, 3 producer, 2 consumer, 5 worker riusati, drain aperto.
  wave 1: 144 messaggi, 3 producer, 2 consumer, 5 worker riusati, drain aperto.
  wave 2: 144 messaggi, 3 producer, 2 consumer, 5 worker riusati, drain aperto.
ok    TEST-REQ-CON-001-WRITER-REAL-PRODUCERS-CONSUMERS-AND-WORKER-REUSE
17 test delle code writer superati.
Rapporto: /Users/gpicchiarelli/Documents/ArcDocDB/spikes/out/writer-queue-20261009-a-coverage/cover-index.html
