(:SOURCE-CONSISTENCY :STABLE :SOURCE-FINGERPRINTS-AFTER
 ((:FILE "arcdocdb.asd" :MD5
   #A((32) BASE-CHAR . "4edf84a696f91c02278a2ee11c4ffbed"))
  (:FILE "tools/cbor-header-bench.lisp" :MD5
   #A((32) BASE-CHAR . "bb91c787dd47d263172866fc609e6ee1"))
  (:FILE "src/codec/cbor-header.lisp" :MD5
   #A((32) BASE-CHAR . "6e8c6a49314c2f460aa6f8a1759200b6"))
  (:FILE "src/codec/cbor-package.lisp" :MD5
   #A((32) BASE-CHAR . "41ace98eff0e92e6e002cf7b204b84d1"))
  (:FILE "src/codec/package.lisp" :MD5
   #A((32) BASE-CHAR . "d885bd2a9860eb60aec1a775e5031d5e"))
  (:FILE "src/codec/utf8.lisp" :MD5
   #A((32) BASE-CHAR . "0f67dd5c51bf6a63bc292ab4e2a280c2"))
  (:FILE "src/execution/handoff.lisp" :MD5
   #A((32) BASE-CHAR . "bacb6820a020a23d11a36745fa1f3a6b"))
  (:FILE "src/execution/package.lisp" :MD5
   #A((32) BASE-CHAR . "89dbbee45c2bdc1c5ed8e6a2c9635691"))
  (:FILE "src/execution/queue.lisp" :MD5
   #A((32) BASE-CHAR . "8202843bddb817da4279ac959ae3f3c4"))
  (:FILE "src/execution/writer.lisp" :MD5
   #A((32) BASE-CHAR . "73019644090e2971f2b54dc36e4491f5"))
  (:FILE "src/foundation/batch.lisp" :MD5
   #A((32) BASE-CHAR . "ca642ea47e4bff76f78f5b6d7287d6bd"))
  (:FILE "src/foundation/binary.lisp" :MD5
   #A((32) BASE-CHAR . "a06115175f450776762761dce25acdb8"))
  (:FILE "src/foundation/conditions.lisp" :MD5
   #A((32) BASE-CHAR . "0535060fb2eb883174e93863f61b4d0d"))
  (:FILE "src/foundation/crc32c.lisp" :MD5
   #A((32) BASE-CHAR . "4db58e2f48bf77d751f1b83bb9f84b5c"))
  (:FILE "src/foundation/package.lisp" :MD5
   #A((32) BASE-CHAR . "b95f4808a955f174f0dc8260b8ba89e8"))
  (:FILE "src/foundation/record.lisp" :MD5
   #A((32) BASE-CHAR . "d1a05da76eb360dba2941ce32549ba51"))
  (:FILE "src/io/flush.lisp" :MD5
   #A((32) BASE-CHAR . "716866194d6b9f076e102e84187229c0"))
  (:FILE "src/io/lifecycle.lisp" :MD5
   #A((32) BASE-CHAR . "11c7103efbe733bbf0a13927f23c3d34"))
  (:FILE "src/io/native.lisp" :MD5
   #A((32) BASE-CHAR . "9500cfb800603de002d6d2b24f1bf056"))
  (:FILE "src/io/package.lisp" :MD5
   #A((32) BASE-CHAR . "c9380ad46a1d7acf41655aaed20db478"))
  (:FILE "src/io/transfer.lisp" :MD5
   #A((32) BASE-CHAR . "a5e7108e80664eb3b562fbd7e680801f"))
  (:FILE "src/io/types.lisp" :MD5
   #A((32) BASE-CHAR . "db8497f9cff35b1ee261f1f410f46ca6"))
  (:FILE "src/package.lisp" :MD5
   #A((32) BASE-CHAR . "becf5c78049c85f2c05cd1ef54454032"))
  (:FILE "src/recovery/decisions-build.lisp" :MD5
   #A((32) BASE-CHAR . "1a51ef4a488bb9fde2ff7d47bae01379"))
  (:FILE "src/recovery/decisions-package.lisp" :MD5
   #A((32) BASE-CHAR . "cbdc30f93109c474e1fc25066c9b9b13"))
  (:FILE "src/recovery/decisions-query.lisp" :MD5
   #A((32) BASE-CHAR . "f782d1137b8ce342b91c9999cfb7accc"))
  (:FILE "src/recovery/decisions-radix.lisp" :MD5
   #A((32) BASE-CHAR . "852149de4c289b8e067602780378d87a"))
  (:FILE "src/recovery/decisions-sort.lisp" :MD5
   #A((32) BASE-CHAR . "b33e57a643f2fca810846f6226366253"))
  (:FILE "src/recovery/decisions-types.lisp" :MD5
   #A((32) BASE-CHAR . "f4433fd19ebc7239dbc2628c39f3ecdb"))
  (:FILE "src/recovery/package.lisp" :MD5
   #A((32) BASE-CHAR . "1c1c8ad0cd15b1703a2fe19cbf3f13c2"))
  (:FILE "src/recovery/scan.lisp" :MD5
   #A((32) BASE-CHAR . "fcacd15460db25ea9cc4036065f9f096"))
  (:FILE "src/storage/compaction-scan.lisp" :MD5
   #A((32) BASE-CHAR . "1cda77a357ab2147035993b72d135a37"))
  (:FILE "src/storage/control-payload.lisp" :MD5
   #A((32) BASE-CHAR . "cb64f806b8d69eb42d865b4abfff0b27"))
  (:FILE "src/storage/formats.lisp" :MD5
   #A((32) BASE-CHAR . "061147be459d8d3b08c661bd3f91d152"))
  (:FILE "src/storage/log-header.lisp" :MD5
   #A((32) BASE-CHAR . "b53d27dcc9f4badf18b50519c50bc614"))
  (:FILE "src/storage/package.lisp" :MD5
   #A((32) BASE-CHAR . "f86bd104f20616a76b42c02227f72844"))
  (:FILE "src/storage/payload-record.lisp" :MD5
   #A((32) BASE-CHAR . "8c03f9c01dcb30f2d3970a5694968ecf"))
  (:FILE "src/storage/payload-write.lisp" :MD5
   #A((32) BASE-CHAR . "c4ece3c4fa8d9492d2a80df7c0a4f5a0"))
  (:FILE "src/storage/segment-header.lisp" :MD5
   #A((32) BASE-CHAR . "d6812fa59bf8fd1252fbf85a9bfa3896"))
  (:FILE "src/wal/builder.lisp" :MD5
   #A((32) BASE-CHAR . "304194318389c07a28cbb4477121eb4f"))
  (:FILE "src/wal/executor.lisp" :MD5
   #A((32) BASE-CHAR . "afc8179a1c6b87d8f6cb79c7a92cb57a"))
  (:FILE "src/wal/group.lisp" :MD5
   #A((32) BASE-CHAR . "2fa3e6255117d6194473557b5e5cc633"))
  (:FILE "src/wal/package.lisp" :MD5
   #A((32) BASE-CHAR . "f37f17f017b3c54e08ae499e37becf7e"))
  (:FILE "src/wal/types.lisp" :MD5
   #A((32) BASE-CHAR . "b7be1fd52803a3cf9eb88436d381c5e5")))
 :CAMPAIGNS
 ((:NAME :DIRECT :UNIT (17) :EXPECTED-VALUES (0 17 0 17 3 :ARGUMENT)
   :EXPECTED-TOKEN 21037192 :START 2 :END 3 :INPUT-UNCHANGED T :SAMPLES
   ((:ITERATIONS 4096 :WARMUP-ITERATIONS 128 :HEAP-BYTES 0 :RAW-TICKS 257
     :SECONDS 2.57d-4 :SINK 86176724992 :EXPECTED-SINK 86176724992
     :EXPECTED-RETURN-TOKEN 21037192 :CALLS-PER-SECOND 1.5937743190661477d7)
    (:ITERATIONS 4096 :WARMUP-ITERATIONS 128 :HEAP-BYTES 0 :RAW-TICKS 263
     :SECONDS 2.63d-4 :SINK 86176724992 :EXPECTED-SINK 86176724992
     :EXPECTED-RETURN-TOKEN 21037192 :CALLS-PER-SECOND 1.5574144486692015d7)
    (:ITERATIONS 4096 :WARMUP-ITERATIONS 128 :HEAP-BYTES 0 :RAW-TICKS 264
     :SECONDS 2.64d-4 :SINK 86176724992 :EXPECTED-SINK 86176724992
     :EXPECTED-RETURN-TOKEN 21037192 :CALLS-PER-SECOND 1.5515151515151514d7)
    (:ITERATIONS 4096 :WARMUP-ITERATIONS 128 :HEAP-BYTES 0 :RAW-TICKS 251
     :SECONDS 2.51d-4 :SINK 86176724992 :EXPECTED-SINK 86176724992
     :EXPECTED-RETURN-TOKEN 21037192 :CALLS-PER-SECOND 1.6318725099601595d7)
    (:ITERATIONS 4096 :WARMUP-ITERATIONS 128 :HEAP-BYTES 0 :RAW-TICKS 256
     :SECONDS 2.56d-4 :SINK 86176724992 :EXPECTED-SINK 86176724992
     :EXPECTED-RETURN-TOKEN 21037192 :CALLS-PER-SECOND 1.6d7)))
  (:NAME :U8 :UNIT (24 255) :EXPECTED-VALUES (0 24 0 255 4 :ARGUMENT)
   :EXPECTED-TOKEN 37683392 :START 2 :END 4 :INPUT-UNCHANGED T :SAMPLES
   ((:ITERATIONS 4096 :WARMUP-ITERATIONS 128 :HEAP-BYTES 0 :RAW-TICKS 273
     :SECONDS 2.73d-4 :SINK 154359560192 :EXPECTED-SINK 154359560192
     :EXPECTED-RETURN-TOKEN 37683392 :CALLS-PER-SECOND 1.5003663003663002d7)
    (:ITERATIONS 4096 :WARMUP-ITERATIONS 128 :HEAP-BYTES 0 :RAW-TICKS 279
     :SECONDS 2.79d-4 :SINK 154359560192 :EXPECTED-SINK 154359560192
     :EXPECTED-RETURN-TOKEN 37683392 :CALLS-PER-SECOND 1.4681003584229391d7)
    (:ITERATIONS 4096 :WARMUP-ITERATIONS 128 :HEAP-BYTES 0 :RAW-TICKS 288
     :SECONDS 2.88d-4 :SINK 154359560192 :EXPECTED-SINK 154359560192
     :EXPECTED-RETURN-TOKEN 37683392 :CALLS-PER-SECOND 1.4222222222222222d7)
    (:ITERATIONS 4096 :WARMUP-ITERATIONS 128 :HEAP-BYTES 0 :RAW-TICKS 275
     :SECONDS 2.75d-4 :SINK 154359560192 :EXPECTED-SINK 154359560192
     :EXPECTED-RETURN-TOKEN 37683392 :CALLS-PER-SECOND 1.4894545454545453d7)
    (:ITERATIONS 4096 :WARMUP-ITERATIONS 128 :HEAP-BYTES 0 :RAW-TICKS 283
     :SECONDS 2.83d-4 :SINK 154359560192 :EXPECTED-SINK 154359560192
     :EXPECTED-RETURN-TOKEN 37683392 :CALLS-PER-SECOND 1.4473498233215548d7)))
  (:NAME :U16 :UNIT (25 254 220) :EXPECTED-VALUES (0 25 0 65244 5 :ARGUMENT)
   :EXPECTED-TOKEN 4297851080 :START 2 :END 5 :INPUT-UNCHANGED T :SAMPLES
   ((:ITERATIONS 4096 :WARMUP-ITERATIONS 128 :HEAP-BYTES 0 :RAW-TICKS 309
     :SECONDS 3.09d-4 :SINK 17604006410240 :EXPECTED-SINK 17604006410240
     :EXPECTED-RETURN-TOKEN 4297851080 :CALLS-PER-SECOND 1.3255663430420713d7)
    (:ITERATIONS 4096 :WARMUP-ITERATIONS 128 :HEAP-BYTES 0 :RAW-TICKS 296
     :SECONDS 2.96d-4 :SINK 17604006410240 :EXPECTED-SINK 17604006410240
     :EXPECTED-RETURN-TOKEN 4297851080 :CALLS-PER-SECOND 1.3837837837837838d7)
    (:ITERATIONS 4096 :WARMUP-ITERATIONS 128 :HEAP-BYTES 0 :RAW-TICKS 295
     :SECONDS 2.95d-4 :SINK 17604006410240 :EXPECTED-SINK 17604006410240
     :EXPECTED-RETURN-TOKEN 4297851080 :CALLS-PER-SECOND 1.3884745762711864d7)
    (:ITERATIONS 4096 :WARMUP-ITERATIONS 128 :HEAP-BYTES 0 :RAW-TICKS 295
     :SECONDS 2.95d-4 :SINK 17604006410240 :EXPECTED-SINK 17604006410240
     :EXPECTED-RETURN-TOKEN 4297851080 :CALLS-PER-SECOND 1.3884745762711864d7)
    (:ITERATIONS 4096 :WARMUP-ITERATIONS 128 :HEAP-BYTES 0 :RAW-TICKS 331
     :SECONDS 3.31d-4 :SINK 17604006410240 :EXPECTED-SINK 17604006410240
     :EXPECTED-RETURN-TOKEN 4297851080 :CALLS-PER-SECOND
     1.2374622356495468d7)))
  (:NAME :U32 :UNIT (26 254 220 186 152) :EXPECTED-VALUES
   (0 26 0 4275878552 7 :ARGUMENT) :EXPECTED-TOKEN 280224000901328 :START 2
   :END 7 :INPUT-UNCHANGED T :SAMPLES
   ((:ITERATIONS 4096 :WARMUP-ITERATIONS 128 :HEAP-BYTES 0 :RAW-TICKS 311
     :SECONDS 3.11d-4 :SINK 1147797507700226048 :EXPECTED-SINK
     1147797507700226048 :EXPECTED-RETURN-TOKEN 280224000901328
     :CALLS-PER-SECOND 1.3170418006430868d7)
    (:ITERATIONS 4096 :WARMUP-ITERATIONS 128 :HEAP-BYTES 0 :RAW-TICKS 308
     :SECONDS 3.08d-4 :SINK 1147797507700226048 :EXPECTED-SINK
     1147797507700226048 :EXPECTED-RETURN-TOKEN 280224000901328
     :CALLS-PER-SECOND 1.32987012987013d7)
    (:ITERATIONS 4096 :WARMUP-ITERATIONS 128 :HEAP-BYTES 0 :RAW-TICKS 311
     :SECONDS 3.11d-4 :SINK 1147797507700226048 :EXPECTED-SINK
     1147797507700226048 :EXPECTED-RETURN-TOKEN 280224000901328
     :CALLS-PER-SECOND 1.3170418006430868d7)
    (:ITERATIONS 4096 :WARMUP-ITERATIONS 128 :HEAP-BYTES 0 :RAW-TICKS 313
     :SECONDS 3.13d-4 :SINK 1147797507700226048 :EXPECTED-SINK
     1147797507700226048 :EXPECTED-RETURN-TOKEN 280224000901328
     :CALLS-PER-SECOND 1.308626198083067d7)
    (:ITERATIONS 4096 :WARMUP-ITERATIONS 128 :HEAP-BYTES 0 :RAW-TICKS 311
     :SECONDS 3.11d-4 :SINK 1147797507700226048 :EXPECTED-SINK
     1147797507700226048 :EXPECTED-RETURN-TOKEN 280224000901328
     :CALLS-PER-SECOND 1.3170418006430868d7)))
  (:NAME :U64 :UNIT (27 255 255 255 255 255 255 255 255) :EXPECTED-VALUES
   (0 27 4294967295 4294967295 11 :ARGUMENT) :EXPECTED-TOKEN 282574516584408
   :START 2 :END 11 :INPUT-UNCHANGED T :SAMPLES
   ((:ITERATIONS 4096 :WARMUP-ITERATIONS 128 :HEAP-BYTES 0 :RAW-TICKS 328
     :SECONDS 3.28d-4 :SINK 1157425219938121728 :EXPECTED-SINK
     1157425219938121728 :EXPECTED-RETURN-TOKEN 282574516584408
     :CALLS-PER-SECOND 1.248780487804878d7)
    (:ITERATIONS 4096 :WARMUP-ITERATIONS 128 :HEAP-BYTES 0 :RAW-TICKS 327
     :SECONDS 3.27d-4 :SINK 1157425219938121728 :EXPECTED-SINK
     1157425219938121728 :EXPECTED-RETURN-TOKEN 282574516584408
     :CALLS-PER-SECOND 1.252599388379205d7)
    (:ITERATIONS 4096 :WARMUP-ITERATIONS 128 :HEAP-BYTES 0 :RAW-TICKS 330
     :SECONDS 3.3d-4 :SINK 1157425219938121728 :EXPECTED-SINK
     1157425219938121728 :EXPECTED-RETURN-TOKEN 282574516584408
     :CALLS-PER-SECOND 1.2412121212121213d7)
    (:ITERATIONS 4096 :WARMUP-ITERATIONS 128 :HEAP-BYTES 0 :RAW-TICKS 312
     :SECONDS 3.12d-4 :SINK 1157425219938121728 :EXPECTED-SINK
     1157425219938121728 :EXPECTED-RETURN-TOKEN 282574516584408
     :CALLS-PER-SECOND 1.3128205128205128d7)
    (:ITERATIONS 4096 :WARMUP-ITERATIONS 128 :HEAP-BYTES 0 :RAW-TICKS 327
     :SECONDS 3.27d-4 :SINK 1157425219938121728 :EXPECTED-SINK
     1157425219938121728 :EXPECTED-RETURN-TOKEN 282574516584408
     :CALLS-PER-SECOND 1.252599388379205d7)))
  (:NAME :FLOAT64 :UNIT (251 127 248 0 0 0 0 0 1) :EXPECTED-VALUES
   (7 27 2146959360 1 11 :ARGUMENT) :EXPECTED-TOKEN 549649973471 :START 2 :END
   11 :INPUT-UNCHANGED T :SAMPLES
   ((:ITERATIONS 4096 :WARMUP-ITERATIONS 128 :HEAP-BYTES 0 :RAW-TICKS 333
     :SECONDS 3.33d-4 :SINK 2251366299723776 :EXPECTED-SINK 2251366299723776
     :EXPECTED-RETURN-TOKEN 549649973471 :CALLS-PER-SECOND 1.23003003003003d7)
    (:ITERATIONS 4096 :WARMUP-ITERATIONS 128 :HEAP-BYTES 0 :RAW-TICKS 335
     :SECONDS 3.35d-4 :SINK 2251366299723776 :EXPECTED-SINK 2251366299723776
     :EXPECTED-RETURN-TOKEN 549649973471 :CALLS-PER-SECOND
     1.2226865671641791d7)
    (:ITERATIONS 4096 :WARMUP-ITERATIONS 128 :HEAP-BYTES 0 :RAW-TICKS 334
     :SECONDS 3.34d-4 :SINK 2251366299723776 :EXPECTED-SINK 2251366299723776
     :EXPECTED-RETURN-TOKEN 549649973471 :CALLS-PER-SECOND
     1.2263473053892216d7)
    (:ITERATIONS 4096 :WARMUP-ITERATIONS 128 :HEAP-BYTES 0 :RAW-TICKS 336
     :SECONDS 3.36d-4 :SINK 2251366299723776 :EXPECTED-SINK 2251366299723776
     :EXPECTED-RETURN-TOKEN 549649973471 :CALLS-PER-SECOND 1.219047619047619d7)
    (:ITERATIONS 4096 :WARMUP-ITERATIONS 128 :HEAP-BYTES 0 :RAW-TICKS 340
     :SECONDS 3.4d-4 :SINK 2251366299723776 :EXPECTED-SINK 2251366299723776
     :EXPECTED-RETURN-TOKEN 549649973471 :CALLS-PER-SECOND
     1.2047058823529411d7)))
  (:NAME :SIMPLE :UNIT (248 255) :EXPECTED-VALUES (7 24 0 255 4 :ARGUMENT)
   :EXPECTED-TOKEN 37683399 :START 2 :END 4 :INPUT-UNCHANGED T :SAMPLES
   ((:ITERATIONS 4096 :WARMUP-ITERATIONS 128 :HEAP-BYTES 0 :RAW-TICKS 282
     :SECONDS 2.82d-4 :SINK 154359588864 :EXPECTED-SINK 154359588864
     :EXPECTED-RETURN-TOKEN 37683399 :CALLS-PER-SECOND 1.452482269503546d7)
    (:ITERATIONS 4096 :WARMUP-ITERATIONS 128 :HEAP-BYTES 0 :RAW-TICKS 284
     :SECONDS 2.84d-4 :SINK 154359588864 :EXPECTED-SINK 154359588864
     :EXPECTED-RETURN-TOKEN 37683399 :CALLS-PER-SECOND 1.4422535211267605d7)
    (:ITERATIONS 4096 :WARMUP-ITERATIONS 128 :HEAP-BYTES 0 :RAW-TICKS 281
     :SECONDS 2.81d-4 :SINK 154359588864 :EXPECTED-SINK 154359588864
     :EXPECTED-RETURN-TOKEN 37683399 :CALLS-PER-SECOND 1.4576512455516014d7)
    (:ITERATIONS 4096 :WARMUP-ITERATIONS 128 :HEAP-BYTES 0 :RAW-TICKS 284
     :SECONDS 2.84d-4 :SINK 154359588864 :EXPECTED-SINK 154359588864
     :EXPECTED-RETURN-TOKEN 37683399 :CALLS-PER-SECOND 1.4422535211267605d7)
    (:ITERATIONS 4096 :WARMUP-ITERATIONS 128 :HEAP-BYTES 0 :RAW-TICKS 275
     :SECONDS 2.75d-4 :SINK 154359588864 :EXPECTED-SINK 154359588864
     :EXPECTED-RETURN-TOKEN 37683399 :CALLS-PER-SECOND 1.4894545454545453d7)))
  (:NAME :INDEFINITE :UNIT (159) :EXPECTED-VALUES (4 31 0 0 3 :INDEFINITE)
   :EXPECTED-TOKEN 36700412 :START 2 :END 3 :INPUT-UNCHANGED T :SAMPLES
   ((:ITERATIONS 4096 :WARMUP-ITERATIONS 128 :HEAP-BYTES 0 :RAW-TICKS 268
     :SECONDS 2.68d-4 :SINK 150333274112 :EXPECTED-SINK 150333274112
     :EXPECTED-RETURN-TOKEN 36700412 :CALLS-PER-SECOND 1.5283582089552239d7)
    (:ITERATIONS 4096 :WARMUP-ITERATIONS 128 :HEAP-BYTES 0 :RAW-TICKS 262
     :SECONDS 2.62d-4 :SINK 150333274112 :EXPECTED-SINK 150333274112
     :EXPECTED-RETURN-TOKEN 36700412 :CALLS-PER-SECOND 1.5633587786259541d7)
    (:ITERATIONS 4096 :WARMUP-ITERATIONS 128 :HEAP-BYTES 0 :RAW-TICKS 270
     :SECONDS 2.7d-4 :SINK 150333274112 :EXPECTED-SINK 150333274112
     :EXPECTED-RETURN-TOKEN 36700412 :CALLS-PER-SECOND 1.517037037037037d7)
    (:ITERATIONS 4096 :WARMUP-ITERATIONS 128 :HEAP-BYTES 0 :RAW-TICKS 278
     :SECONDS 2.78d-4 :SINK 150333274112 :EXPECTED-SINK 150333274112
     :EXPECTED-RETURN-TOKEN 36700412 :CALLS-PER-SECOND 1.4733812949640289d7)
    (:ITERATIONS 4096 :WARMUP-ITERATIONS 128 :HEAP-BYTES 0 :RAW-TICKS 269
     :SECONDS 2.69d-4 :SINK 150333274112 :EXPECTED-SINK 150333274112
     :EXPECTED-RETURN-TOKEN 36700412 :CALLS-PER-SECOND 1.5226765799256507d7)))
  (:NAME :BREAK :UNIT (255) :EXPECTED-VALUES (7 31 0 0 3 :BREAK)
   :EXPECTED-TOKEN 53477631 :START 2 :END 3 :INPUT-UNCHANGED T :SAMPLES
   ((:ITERATIONS 4096 :WARMUP-ITERATIONS 128 :HEAP-BYTES 0 :RAW-TICKS 269
     :SECONDS 2.69d-4 :SINK 219052763136 :EXPECTED-SINK 219052763136
     :EXPECTED-RETURN-TOKEN 53477631 :CALLS-PER-SECOND 1.5226765799256507d7)
    (:ITERATIONS 4096 :WARMUP-ITERATIONS 128 :HEAP-BYTES 0 :RAW-TICKS 264
     :SECONDS 2.64d-4 :SINK 219052763136 :EXPECTED-SINK 219052763136
     :EXPECTED-RETURN-TOKEN 53477631 :CALLS-PER-SECOND 1.5515151515151514d7)
    (:ITERATIONS 4096 :WARMUP-ITERATIONS 128 :HEAP-BYTES 0 :RAW-TICKS 269
     :SECONDS 2.69d-4 :SINK 219052763136 :EXPECTED-SINK 219052763136
     :EXPECTED-RETURN-TOKEN 53477631 :CALLS-PER-SECOND 1.5226765799256507d7)
    (:ITERATIONS 4096 :WARMUP-ITERATIONS 128 :HEAP-BYTES 0 :RAW-TICKS 266
     :SECONDS 2.66d-4 :SINK 219052763136 :EXPECTED-SINK 219052763136
     :EXPECTED-RETURN-TOKEN 53477631 :CALLS-PER-SECOND 1.5398496240601502d7)
    (:ITERATIONS 4096 :WARMUP-ITERATIONS 128 :HEAP-BYTES 0 :RAW-TICKS 267
     :SECONDS 2.67d-4 :SINK 219052763136 :EXPECTED-SINK 219052763136
     :EXPECTED-RETURN-TOKEN 53477631 :CALLS-PER-SECOND 1.5340823970037455d7))))
 :SELF-TEST
 (:STATUS :OK :BASELINE
  (:ITERATIONS 4096 :WARMUP-ITERATIONS 128 :HEAP-BYTES 0 :RAW-TICKS 26 :SECONDS
   2.6d-5 :SINK 8386560 :EXPECTED-SINK 8386560 :EXPECTED-RETURN-TOKEN 0
   :CALLS-PER-SECOND 1.5753846153846154d8)
  :POSITIVE-CONTROL
  (:ITERATIONS 16 :WARMUP-ITERATIONS 0 :HEAP-BYTES 16777472 :RAW-TICKS 41
   :SECONDS 4.1d-5 :SINK 16777336 :EXPECTED-SINK 16777336
   :EXPECTED-RETURN-TOKEN 1048576 :CALLS-PER-SECOND 390243.90243902436d0))
 :SCHEMA-VERSION 1 :KIND :CBOR-HEADER-BENCHMARK :STATUS :OK
 :SOURCE-FINGERPRINTS-BEFORE
 ((:FILE "arcdocdb.asd" :MD5
   #A((32) BASE-CHAR . "4edf84a696f91c02278a2ee11c4ffbed"))
  (:FILE "tools/cbor-header-bench.lisp" :MD5
   #A((32) BASE-CHAR . "bb91c787dd47d263172866fc609e6ee1"))
  (:FILE "src/codec/cbor-header.lisp" :MD5
   #A((32) BASE-CHAR . "6e8c6a49314c2f460aa6f8a1759200b6"))
  (:FILE "src/codec/cbor-package.lisp" :MD5
   #A((32) BASE-CHAR . "41ace98eff0e92e6e002cf7b204b84d1"))
  (:FILE "src/codec/package.lisp" :MD5
   #A((32) BASE-CHAR . "d885bd2a9860eb60aec1a775e5031d5e"))
  (:FILE "src/codec/utf8.lisp" :MD5
   #A((32) BASE-CHAR . "0f67dd5c51bf6a63bc292ab4e2a280c2"))
  (:FILE "src/execution/handoff.lisp" :MD5
   #A((32) BASE-CHAR . "bacb6820a020a23d11a36745fa1f3a6b"))
  (:FILE "src/execution/package.lisp" :MD5
   #A((32) BASE-CHAR . "89dbbee45c2bdc1c5ed8e6a2c9635691"))
  (:FILE "src/execution/queue.lisp" :MD5
   #A((32) BASE-CHAR . "8202843bddb817da4279ac959ae3f3c4"))
  (:FILE "src/execution/writer.lisp" :MD5
   #A((32) BASE-CHAR . "73019644090e2971f2b54dc36e4491f5"))
  (:FILE "src/foundation/batch.lisp" :MD5
   #A((32) BASE-CHAR . "ca642ea47e4bff76f78f5b6d7287d6bd"))
  (:FILE "src/foundation/binary.lisp" :MD5
   #A((32) BASE-CHAR . "a06115175f450776762761dce25acdb8"))
  (:FILE "src/foundation/conditions.lisp" :MD5
   #A((32) BASE-CHAR . "0535060fb2eb883174e93863f61b4d0d"))
  (:FILE "src/foundation/crc32c.lisp" :MD5
   #A((32) BASE-CHAR . "4db58e2f48bf77d751f1b83bb9f84b5c"))
  (:FILE "src/foundation/package.lisp" :MD5
   #A((32) BASE-CHAR . "b95f4808a955f174f0dc8260b8ba89e8"))
  (:FILE "src/foundation/record.lisp" :MD5
   #A((32) BASE-CHAR . "d1a05da76eb360dba2941ce32549ba51"))
  (:FILE "src/io/flush.lisp" :MD5
   #A((32) BASE-CHAR . "716866194d6b9f076e102e84187229c0"))
  (:FILE "src/io/lifecycle.lisp" :MD5
   #A((32) BASE-CHAR . "11c7103efbe733bbf0a13927f23c3d34"))
  (:FILE "src/io/native.lisp" :MD5
   #A((32) BASE-CHAR . "9500cfb800603de002d6d2b24f1bf056"))
  (:FILE "src/io/package.lisp" :MD5
   #A((32) BASE-CHAR . "c9380ad46a1d7acf41655aaed20db478"))
  (:FILE "src/io/transfer.lisp" :MD5
   #A((32) BASE-CHAR . "a5e7108e80664eb3b562fbd7e680801f"))
  (:FILE "src/io/types.lisp" :MD5
   #A((32) BASE-CHAR . "db8497f9cff35b1ee261f1f410f46ca6"))
  (:FILE "src/package.lisp" :MD5
   #A((32) BASE-CHAR . "becf5c78049c85f2c05cd1ef54454032"))
  (:FILE "src/recovery/decisions-build.lisp" :MD5
   #A((32) BASE-CHAR . "1a51ef4a488bb9fde2ff7d47bae01379"))
  (:FILE "src/recovery/decisions-package.lisp" :MD5
   #A((32) BASE-CHAR . "cbdc30f93109c474e1fc25066c9b9b13"))
  (:FILE "src/recovery/decisions-query.lisp" :MD5
   #A((32) BASE-CHAR . "f782d1137b8ce342b91c9999cfb7accc"))
  (:FILE "src/recovery/decisions-radix.lisp" :MD5
   #A((32) BASE-CHAR . "852149de4c289b8e067602780378d87a"))
  (:FILE "src/recovery/decisions-sort.lisp" :MD5
   #A((32) BASE-CHAR . "b33e57a643f2fca810846f6226366253"))
  (:FILE "src/recovery/decisions-types.lisp" :MD5
   #A((32) BASE-CHAR . "f4433fd19ebc7239dbc2628c39f3ecdb"))
  (:FILE "src/recovery/package.lisp" :MD5
   #A((32) BASE-CHAR . "1c1c8ad0cd15b1703a2fe19cbf3f13c2"))
  (:FILE "src/recovery/scan.lisp" :MD5
   #A((32) BASE-CHAR . "fcacd15460db25ea9cc4036065f9f096"))
  (:FILE "src/storage/compaction-scan.lisp" :MD5
   #A((32) BASE-CHAR . "1cda77a357ab2147035993b72d135a37"))
  (:FILE "src/storage/control-payload.lisp" :MD5
   #A((32) BASE-CHAR . "cb64f806b8d69eb42d865b4abfff0b27"))
  (:FILE "src/storage/formats.lisp" :MD5
   #A((32) BASE-CHAR . "061147be459d8d3b08c661bd3f91d152"))
  (:FILE "src/storage/log-header.lisp" :MD5
   #A((32) BASE-CHAR . "b53d27dcc9f4badf18b50519c50bc614"))
  (:FILE "src/storage/package.lisp" :MD5
   #A((32) BASE-CHAR . "f86bd104f20616a76b42c02227f72844"))
  (:FILE "src/storage/payload-record.lisp" :MD5
   #A((32) BASE-CHAR . "8c03f9c01dcb30f2d3970a5694968ecf"))
  (:FILE "src/storage/payload-write.lisp" :MD5
   #A((32) BASE-CHAR . "c4ece3c4fa8d9492d2a80df7c0a4f5a0"))
  (:FILE "src/storage/segment-header.lisp" :MD5
   #A((32) BASE-CHAR . "d6812fa59bf8fd1252fbf85a9bfa3896"))
  (:FILE "src/wal/builder.lisp" :MD5
   #A((32) BASE-CHAR . "304194318389c07a28cbb4477121eb4f"))
  (:FILE "src/wal/executor.lisp" :MD5
   #A((32) BASE-CHAR . "afc8179a1c6b87d8f6cb79c7a92cb57a"))
  (:FILE "src/wal/group.lisp" :MD5
   #A((32) BASE-CHAR . "2fa3e6255117d6194473557b5e5cc633"))
  (:FILE "src/wal/package.lisp" :MD5
   #A((32) BASE-CHAR . "f37f17f017b3c54e08ae499e37becf7e"))
  (:FILE "src/wal/types.lisp" :MD5
   #A((32) BASE-CHAR . "b7be1fd52803a3cf9eb88436d381c5e5")))
 :RECORDED-AT 4000520578 :SBCL #A((5) BASE-CHAR . "2.6.9") :MACHINE
 #A((5) BASE-CHAR . "ARM64") :OS #A((6) BASE-CHAR . "Darwin") :OS-VERSION
 #A((6) BASE-CHAR . "27.0.0") :WORKERS 1 :SAFETY 3 :TIMER-UNITS-PER-SECOND
 1000000 :LIMITS
 (:SUCCESS-PATH-ONLY :SERIAL :PREALLOCATED-INPUTS :NO-PAYLOAD-OR-FLOAT-DECODE
  :COUNTER-NOT-ABSOLUTE-NONALLOCATION-PROOF :EXTERNAL-LOAD-UNCONTROLLED
  :NO-POOL-OR-DEVICE-THROUGHPUT :NO-SCALING-OR-LATENCY-THRESHOLD))
