(:SOURCE-CONSISTENCY :STABLE :SOURCE-FINGERPRINTS-AFTER
 ((:FILE "arcdocdb.asd" :MD5
   #A((32) BASE-CHAR . "a07bbfd453f68b680d29ae741e0c43f7"))
  (:FILE "tools/utf8-bench.lisp" :MD5
   #A((32) BASE-CHAR . "d55b659468786531b4eeb18b8d2655aa"))
  (:FILE "src/codec/package.lisp" :MD5
   #A((32) BASE-CHAR . "d885bd2a9860eb60aec1a775e5031d5e"))
  (:FILE "src/codec/utf8.lisp" :MD5
   #A((32) BASE-CHAR . "0f67dd5c51bf6a63bc292ab4e2a280c2"))
  (:FILE "src/execution/package.lisp" :MD5
   #A((32) BASE-CHAR . "bb55573bdd5468f9e3de53935f377642"))
  (:FILE "src/execution/queue.lisp" :MD5
   #A((32) BASE-CHAR . "8dcb8eb489352cd45caf7af85f4e93b9"))
  (:FILE "src/execution/writer.lisp" :MD5
   #A((32) BASE-CHAR . "73019644090e2971f2b54dc36e4491f5"))
  (:FILE "src/foundation/batch.lisp" :MD5
   #A((32) BASE-CHAR . "ca642ea47e4bff76f78f5b6d7287d6bd"))
  (:FILE "src/foundation/binary.lisp" :MD5
   #A((32) BASE-CHAR . "a06115175f450776762761dce25acdb8"))
  (:FILE "src/foundation/conditions.lisp" :MD5
   #A((32) BASE-CHAR . "0535060fb2eb883174e93863f61b4d0d"))
  (:FILE "src/foundation/crc32c.lisp" :MD5
   #A((32) BASE-CHAR . "4db58e2f48bf77d751f1b83bb9f84b5c"))
  (:FILE "src/foundation/package.lisp" :MD5
   #A((32) BASE-CHAR . "b95f4808a955f174f0dc8260b8ba89e8"))
  (:FILE "src/foundation/record.lisp" :MD5
   #A((32) BASE-CHAR . "d1a05da76eb360dba2941ce32549ba51"))
  (:FILE "src/io/flush.lisp" :MD5
   #A((32) BASE-CHAR . "716866194d6b9f076e102e84187229c0"))
  (:FILE "src/io/lifecycle.lisp" :MD5
   #A((32) BASE-CHAR . "11c7103efbe733bbf0a13927f23c3d34"))
  (:FILE "src/io/native.lisp" :MD5
   #A((32) BASE-CHAR . "9500cfb800603de002d6d2b24f1bf056"))
  (:FILE "src/io/package.lisp" :MD5
   #A((32) BASE-CHAR . "c9380ad46a1d7acf41655aaed20db478"))
  (:FILE "src/io/transfer.lisp" :MD5
   #A((32) BASE-CHAR . "a5e7108e80664eb3b562fbd7e680801f"))
  (:FILE "src/io/types.lisp" :MD5
   #A((32) BASE-CHAR . "db8497f9cff35b1ee261f1f410f46ca6"))
  (:FILE "src/package.lisp" :MD5
   #A((32) BASE-CHAR . "becf5c78049c85f2c05cd1ef54454032"))
  (:FILE "src/recovery/decisions-build.lisp" :MD5
   #A((32) BASE-CHAR . "1a51ef4a488bb9fde2ff7d47bae01379"))
  (:FILE "src/recovery/decisions-package.lisp" :MD5
   #A((32) BASE-CHAR . "cbdc30f93109c474e1fc25066c9b9b13"))
  (:FILE "src/recovery/decisions-query.lisp" :MD5
   #A((32) BASE-CHAR . "f782d1137b8ce342b91c9999cfb7accc"))
  (:FILE "src/recovery/decisions-radix.lisp" :MD5
   #A((32) BASE-CHAR . "852149de4c289b8e067602780378d87a"))
  (:FILE "src/recovery/decisions-sort.lisp" :MD5
   #A((32) BASE-CHAR . "b33e57a643f2fca810846f6226366253"))
  (:FILE "src/recovery/decisions-types.lisp" :MD5
   #A((32) BASE-CHAR . "f4433fd19ebc7239dbc2628c39f3ecdb"))
  (:FILE "src/recovery/package.lisp" :MD5
   #A((32) BASE-CHAR . "1c1c8ad0cd15b1703a2fe19cbf3f13c2"))
  (:FILE "src/recovery/scan.lisp" :MD5
   #A((32) BASE-CHAR . "fcacd15460db25ea9cc4036065f9f096"))
  (:FILE "src/storage/compaction-scan.lisp" :MD5
   #A((32) BASE-CHAR . "1cda77a357ab2147035993b72d135a37"))
  (:FILE "src/storage/control-payload.lisp" :MD5
   #A((32) BASE-CHAR . "cb64f806b8d69eb42d865b4abfff0b27"))
  (:FILE "src/storage/formats.lisp" :MD5
   #A((32) BASE-CHAR . "061147be459d8d3b08c661bd3f91d152"))
  (:FILE "src/storage/log-header.lisp" :MD5
   #A((32) BASE-CHAR . "b53d27dcc9f4badf18b50519c50bc614"))
  (:FILE "src/storage/package.lisp" :MD5
   #A((32) BASE-CHAR . "f86bd104f20616a76b42c02227f72844"))
  (:FILE "src/storage/payload-record.lisp" :MD5
   #A((32) BASE-CHAR . "8c03f9c01dcb30f2d3970a5694968ecf"))
  (:FILE "src/storage/payload-write.lisp" :MD5
   #A((32) BASE-CHAR . "c4ece3c4fa8d9492d2a80df7c0a4f5a0"))
  (:FILE "src/storage/segment-header.lisp" :MD5
   #A((32) BASE-CHAR . "d6812fa59bf8fd1252fbf85a9bfa3896"))
  (:FILE "src/wal/builder.lisp" :MD5
   #A((32) BASE-CHAR . "304194318389c07a28cbb4477121eb4f"))
  (:FILE "src/wal/executor.lisp" :MD5
   #A((32) BASE-CHAR . "afc8179a1c6b87d8f6cb79c7a92cb57a"))
  (:FILE "src/wal/group.lisp" :MD5
   #A((32) BASE-CHAR . "2fa3e6255117d6194473557b5e5cc633"))
  (:FILE "src/wal/package.lisp" :MD5
   #A((32) BASE-CHAR . "f37f17f017b3c54e08ae499e37becf7e"))
  (:FILE "src/wal/types.lisp" :MD5
   #A((32) BASE-CHAR . "b7be1fd52803a3cf9eb88436d381c5e5")))
 :CAMPAIGNS
 ((:NAME :ASCII :UNIT (65) :SCALARS-PER-UNIT 1 :START 2 :END 32770 :SPAN-BYTES
   32768 :EXPECTED-TOKEN 32768 :INPUT-UNCHANGED T :SAMPLES
   ((:ITERATIONS 64 :WARMUP-ITERATIONS 128 :HEAP-BYTES 0 :RAW-TICKS 38245
     :SECONDS 0.038245d0 :SINK 2099168 :EXPECTED-SINK 2099168
     :EXPECTED-RETURN-TOKEN 32768 :CALLS-PER-SECOND 1673.4213622695777d0)
    (:ITERATIONS 64 :WARMUP-ITERATIONS 128 :HEAP-BYTES 0 :RAW-TICKS 38140
     :SECONDS 0.03814d0 :SINK 2099168 :EXPECTED-SINK 2099168
     :EXPECTED-RETURN-TOKEN 32768 :CALLS-PER-SECOND 1678.0283167278449d0)
    (:ITERATIONS 64 :WARMUP-ITERATIONS 128 :HEAP-BYTES 0 :RAW-TICKS 38628
     :SECONDS 0.038628d0 :SINK 2099168 :EXPECTED-SINK 2099168
     :EXPECTED-RETURN-TOKEN 32768 :CALLS-PER-SECOND 1656.8292430361396d0)
    (:ITERATIONS 64 :WARMUP-ITERATIONS 128 :HEAP-BYTES 0 :RAW-TICKS 38262
     :SECONDS 0.038262d0 :SINK 2099168 :EXPECTED-SINK 2099168
     :EXPECTED-RETURN-TOKEN 32768 :CALLS-PER-SECOND 1672.6778526998066d0)
    (:ITERATIONS 64 :WARMUP-ITERATIONS 128 :HEAP-BYTES 0 :RAW-TICKS 38241
     :SECONDS 0.038241d0 :SINK 2099168 :EXPECTED-SINK 2099168
     :EXPECTED-RETURN-TOKEN 32768 :CALLS-PER-SECOND 1673.5964017677363d0)))
  (:NAME :TWO-BYTE :UNIT (194 162) :SCALARS-PER-UNIT 1 :START 2 :END 32770
   :SPAN-BYTES 32768 :EXPECTED-TOKEN 16384 :INPUT-UNCHANGED T :SAMPLES
   ((:ITERATIONS 64 :WARMUP-ITERATIONS 128 :HEAP-BYTES 0 :RAW-TICKS 20099
     :SECONDS 0.020099d0 :SINK 1050592 :EXPECTED-SINK 1050592
     :EXPECTED-RETURN-TOKEN 16384 :CALLS-PER-SECOND 3184.238021792129d0)
    (:ITERATIONS 64 :WARMUP-ITERATIONS 128 :HEAP-BYTES 0 :RAW-TICKS 20212
     :SECONDS 0.020212d0 :SINK 1050592 :EXPECTED-SINK 1050592
     :EXPECTED-RETURN-TOKEN 16384 :CALLS-PER-SECOND 3166.4357807243223d0)
    (:ITERATIONS 64 :WARMUP-ITERATIONS 128 :HEAP-BYTES 0 :RAW-TICKS 20189
     :SECONDS 0.020189d0 :SINK 1050592 :EXPECTED-SINK 1050592
     :EXPECTED-RETURN-TOKEN 16384 :CALLS-PER-SECOND 3170.0430927732928d0)
    (:ITERATIONS 64 :WARMUP-ITERATIONS 128 :HEAP-BYTES 0 :RAW-TICKS 20018
     :SECONDS 0.020018d0 :SINK 1050592 :EXPECTED-SINK 1050592
     :EXPECTED-RETURN-TOKEN 16384 :CALLS-PER-SECOND 3197.1225896692977d0)
    (:ITERATIONS 64 :WARMUP-ITERATIONS 128 :HEAP-BYTES 0 :RAW-TICKS 20103
     :SECONDS 0.020103d0 :SINK 1050592 :EXPECTED-SINK 1050592
     :EXPECTED-RETURN-TOKEN 16384 :CALLS-PER-SECOND 3183.604437148684d0)))
  (:NAME :THREE-BYTE :UNIT (224 160 128) :SCALARS-PER-UNIT 1 :START 2 :END
   32768 :SPAN-BYTES 32766 :EXPECTED-TOKEN 10922 :INPUT-UNCHANGED T :SAMPLES
   ((:ITERATIONS 64 :WARMUP-ITERATIONS 128 :HEAP-BYTES 0 :RAW-TICKS 19783
     :SECONDS 0.019783d0 :SINK 701024 :EXPECTED-SINK 701024
     :EXPECTED-RETURN-TOKEN 10922 :CALLS-PER-SECOND 3235.1008441591266d0)
    (:ITERATIONS 64 :WARMUP-ITERATIONS 128 :HEAP-BYTES 0 :RAW-TICKS 19996
     :SECONDS 0.019996d0 :SINK 701024 :EXPECTED-SINK 701024
     :EXPECTED-RETURN-TOKEN 10922 :CALLS-PER-SECOND 3200.640128025605d0)
    (:ITERATIONS 64 :WARMUP-ITERATIONS 128 :HEAP-BYTES 0 :RAW-TICKS 19898
     :SECONDS 0.019898d0 :SINK 701024 :EXPECTED-SINK 701024
     :EXPECTED-RETURN-TOKEN 10922 :CALLS-PER-SECOND 3216.403658659162d0)
    (:ITERATIONS 64 :WARMUP-ITERATIONS 128 :HEAP-BYTES 0 :RAW-TICKS 20048
     :SECONDS 0.020048d0 :SINK 701024 :EXPECTED-SINK 701024
     :EXPECTED-RETURN-TOKEN 10922 :CALLS-PER-SECOND 3192.3383878691143d0)
    (:ITERATIONS 64 :WARMUP-ITERATIONS 128 :HEAP-BYTES 0 :RAW-TICKS 20271
     :SECONDS 0.020271d0 :SINK 701024 :EXPECTED-SINK 701024
     :EXPECTED-RETURN-TOKEN 10922 :CALLS-PER-SECOND 3157.2196734250897d0)))
  (:NAME :FOUR-BYTE :UNIT (240 144 128 128) :SCALARS-PER-UNIT 1 :START 2 :END
   32770 :SPAN-BYTES 32768 :EXPECTED-TOKEN 8192 :INPUT-UNCHANGED T :SAMPLES
   ((:ITERATIONS 64 :WARMUP-ITERATIONS 128 :HEAP-BYTES 0 :RAW-TICKS 16549
     :SECONDS 0.016549d0 :SINK 526304 :EXPECTED-SINK 526304
     :EXPECTED-RETURN-TOKEN 8192 :CALLS-PER-SECOND 3867.303160311801d0)
    (:ITERATIONS 64 :WARMUP-ITERATIONS 128 :HEAP-BYTES 0 :RAW-TICKS 17077
     :SECONDS 0.017077d0 :SINK 526304 :EXPECTED-SINK 526304
     :EXPECTED-RETURN-TOKEN 8192 :CALLS-PER-SECOND 3747.73086607718d0)
    (:ITERATIONS 64 :WARMUP-ITERATIONS 128 :HEAP-BYTES 0 :RAW-TICKS 17149
     :SECONDS 0.017149d0 :SINK 526304 :EXPECTED-SINK 526304
     :EXPECTED-RETURN-TOKEN 8192 :CALLS-PER-SECOND 3731.996034754213d0)
    (:ITERATIONS 64 :WARMUP-ITERATIONS 128 :HEAP-BYTES 0 :RAW-TICKS 16579
     :SECONDS 0.016579d0 :SINK 526304 :EXPECTED-SINK 526304
     :EXPECTED-RETURN-TOKEN 8192 :CALLS-PER-SECOND 3860.3052053803003d0)
    (:ITERATIONS 64 :WARMUP-ITERATIONS 128 :HEAP-BYTES 0 :RAW-TICKS 16715
     :SECONDS 0.016715d0 :SINK 526304 :EXPECTED-SINK 526304
     :EXPECTED-RETURN-TOKEN 8192 :CALLS-PER-SECOND 3828.8962010170503d0)))
  (:NAME :MIXED :UNIT (65 194 162 224 160 128 240 144 128 128)
   :SCALARS-PER-UNIT 4 :START 2 :END 32762 :SPAN-BYTES 32760 :EXPECTED-TOKEN
   13104 :INPUT-UNCHANGED T :SAMPLES
   ((:ITERATIONS 64 :WARMUP-ITERATIONS 128 :HEAP-BYTES 0 :RAW-TICKS 20440
     :SECONDS 0.02044d0 :SINK 840672 :EXPECTED-SINK 840672
     :EXPECTED-RETURN-TOKEN 13104 :CALLS-PER-SECOND 3131.1154598825833d0)
    (:ITERATIONS 64 :WARMUP-ITERATIONS 128 :HEAP-BYTES 0 :RAW-TICKS 20434
     :SECONDS 0.020434d0 :SINK 840672 :EXPECTED-SINK 840672
     :EXPECTED-RETURN-TOKEN 13104 :CALLS-PER-SECOND 3132.034843887638d0)
    (:ITERATIONS 64 :WARMUP-ITERATIONS 128 :HEAP-BYTES 0 :RAW-TICKS 20602
     :SECONDS 0.020602d0 :SINK 840672 :EXPECTED-SINK 840672
     :EXPECTED-RETURN-TOKEN 13104 :CALLS-PER-SECOND 3106.494515095622d0)
    (:ITERATIONS 64 :WARMUP-ITERATIONS 128 :HEAP-BYTES 0 :RAW-TICKS 20937
     :SECONDS 0.020937d0 :SINK 840672 :EXPECTED-SINK 840672
     :EXPECTED-RETURN-TOKEN 13104 :CALLS-PER-SECOND 3056.7894158666472d0)
    (:ITERATIONS 64 :WARMUP-ITERATIONS 128 :HEAP-BYTES 0 :RAW-TICKS 20856
     :SECONDS 0.020856d0 :SINK 840672 :EXPECTED-SINK 840672
     :EXPECTED-RETURN-TOKEN 13104 :CALLS-PER-SECOND 3068.6612965093977d0))))
 :SELF-TEST
 (:STATUS :OK :BASELINE
  (:ITERATIONS 64 :WARMUP-ITERATIONS 128 :HEAP-BYTES 0 :RAW-TICKS 1 :SECONDS
   1.0d-6 :SINK 2016 :EXPECTED-SINK 2016 :EXPECTED-RETURN-TOKEN 0
   :CALLS-PER-SECOND 6.4d7)
  :POSITIVE-CONTROL
  (:ITERATIONS 16 :WARMUP-ITERATIONS 0 :HEAP-BYTES 16777472 :RAW-TICKS 35
   :SECONDS 3.5d-5 :SINK 16777336 :EXPECTED-SINK 16777336
   :EXPECTED-RETURN-TOKEN 1048576 :CALLS-PER-SECOND 457142.85714285716d0))
 :SCHEMA-VERSION 1 :KIND :UTF8-BENCHMARK :STATUS :OK
 :SOURCE-FINGERPRINTS-BEFORE
 ((:FILE "arcdocdb.asd" :MD5
   #A((32) BASE-CHAR . "a07bbfd453f68b680d29ae741e0c43f7"))
  (:FILE "tools/utf8-bench.lisp" :MD5
   #A((32) BASE-CHAR . "d55b659468786531b4eeb18b8d2655aa"))
  (:FILE "src/codec/package.lisp" :MD5
   #A((32) BASE-CHAR . "d885bd2a9860eb60aec1a775e5031d5e"))
  (:FILE "src/codec/utf8.lisp" :MD5
   #A((32) BASE-CHAR . "0f67dd5c51bf6a63bc292ab4e2a280c2"))
  (:FILE "src/execution/package.lisp" :MD5
   #A((32) BASE-CHAR . "bb55573bdd5468f9e3de53935f377642"))
  (:FILE "src/execution/queue.lisp" :MD5
   #A((32) BASE-CHAR . "8dcb8eb489352cd45caf7af85f4e93b9"))
  (:FILE "src/execution/writer.lisp" :MD5
   #A((32) BASE-CHAR . "73019644090e2971f2b54dc36e4491f5"))
  (:FILE "src/foundation/batch.lisp" :MD5
   #A((32) BASE-CHAR . "ca642ea47e4bff76f78f5b6d7287d6bd"))
  (:FILE "src/foundation/binary.lisp" :MD5
   #A((32) BASE-CHAR . "a06115175f450776762761dce25acdb8"))
  (:FILE "src/foundation/conditions.lisp" :MD5
   #A((32) BASE-CHAR . "0535060fb2eb883174e93863f61b4d0d"))
  (:FILE "src/foundation/crc32c.lisp" :MD5
   #A((32) BASE-CHAR . "4db58e2f48bf77d751f1b83bb9f84b5c"))
  (:FILE "src/foundation/package.lisp" :MD5
   #A((32) BASE-CHAR . "b95f4808a955f174f0dc8260b8ba89e8"))
  (:FILE "src/foundation/record.lisp" :MD5
   #A((32) BASE-CHAR . "d1a05da76eb360dba2941ce32549ba51"))
  (:FILE "src/io/flush.lisp" :MD5
   #A((32) BASE-CHAR . "716866194d6b9f076e102e84187229c0"))
  (:FILE "src/io/lifecycle.lisp" :MD5
   #A((32) BASE-CHAR . "11c7103efbe733bbf0a13927f23c3d34"))
  (:FILE "src/io/native.lisp" :MD5
   #A((32) BASE-CHAR . "9500cfb800603de002d6d2b24f1bf056"))
  (:FILE "src/io/package.lisp" :MD5
   #A((32) BASE-CHAR . "c9380ad46a1d7acf41655aaed20db478"))
  (:FILE "src/io/transfer.lisp" :MD5
   #A((32) BASE-CHAR . "a5e7108e80664eb3b562fbd7e680801f"))
  (:FILE "src/io/types.lisp" :MD5
   #A((32) BASE-CHAR . "db8497f9cff35b1ee261f1f410f46ca6"))
  (:FILE "src/package.lisp" :MD5
   #A((32) BASE-CHAR . "becf5c78049c85f2c05cd1ef54454032"))
  (:FILE "src/recovery/decisions-build.lisp" :MD5
   #A((32) BASE-CHAR . "1a51ef4a488bb9fde2ff7d47bae01379"))
  (:FILE "src/recovery/decisions-package.lisp" :MD5
   #A((32) BASE-CHAR . "cbdc30f93109c474e1fc25066c9b9b13"))
  (:FILE "src/recovery/decisions-query.lisp" :MD5
   #A((32) BASE-CHAR . "f782d1137b8ce342b91c9999cfb7accc"))
  (:FILE "src/recovery/decisions-radix.lisp" :MD5
   #A((32) BASE-CHAR . "852149de4c289b8e067602780378d87a"))
  (:FILE "src/recovery/decisions-sort.lisp" :MD5
   #A((32) BASE-CHAR . "b33e57a643f2fca810846f6226366253"))
  (:FILE "src/recovery/decisions-types.lisp" :MD5
   #A((32) BASE-CHAR . "f4433fd19ebc7239dbc2628c39f3ecdb"))
  (:FILE "src/recovery/package.lisp" :MD5
   #A((32) BASE-CHAR . "1c1c8ad0cd15b1703a2fe19cbf3f13c2"))
  (:FILE "src/recovery/scan.lisp" :MD5
   #A((32) BASE-CHAR . "fcacd15460db25ea9cc4036065f9f096"))
  (:FILE "src/storage/compaction-scan.lisp" :MD5
   #A((32) BASE-CHAR . "1cda77a357ab2147035993b72d135a37"))
  (:FILE "src/storage/control-payload.lisp" :MD5
   #A((32) BASE-CHAR . "cb64f806b8d69eb42d865b4abfff0b27"))
  (:FILE "src/storage/formats.lisp" :MD5
   #A((32) BASE-CHAR . "061147be459d8d3b08c661bd3f91d152"))
  (:FILE "src/storage/log-header.lisp" :MD5
   #A((32) BASE-CHAR . "b53d27dcc9f4badf18b50519c50bc614"))
  (:FILE "src/storage/package.lisp" :MD5
   #A((32) BASE-CHAR . "f86bd104f20616a76b42c02227f72844"))
  (:FILE "src/storage/payload-record.lisp" :MD5
   #A((32) BASE-CHAR . "8c03f9c01dcb30f2d3970a5694968ecf"))
  (:FILE "src/storage/payload-write.lisp" :MD5
   #A((32) BASE-CHAR . "c4ece3c4fa8d9492d2a80df7c0a4f5a0"))
  (:FILE "src/storage/segment-header.lisp" :MD5
   #A((32) BASE-CHAR . "d6812fa59bf8fd1252fbf85a9bfa3896"))
  (:FILE "src/wal/builder.lisp" :MD5
   #A((32) BASE-CHAR . "304194318389c07a28cbb4477121eb4f"))
  (:FILE "src/wal/executor.lisp" :MD5
   #A((32) BASE-CHAR . "afc8179a1c6b87d8f6cb79c7a92cb57a"))
  (:FILE "src/wal/group.lisp" :MD5
   #A((32) BASE-CHAR . "2fa3e6255117d6194473557b5e5cc633"))
  (:FILE "src/wal/package.lisp" :MD5
   #A((32) BASE-CHAR . "f37f17f017b3c54e08ae499e37becf7e"))
  (:FILE "src/wal/types.lisp" :MD5
   #A((32) BASE-CHAR . "b7be1fd52803a3cf9eb88436d381c5e5")))
 :RECORDED-AT 4000513084 :SBCL #A((5) BASE-CHAR . "2.6.9") :MACHINE
 #A((5) BASE-CHAR . "ARM64") :OS #A((6) BASE-CHAR . "Darwin") :OS-VERSION
 #A((6) BASE-CHAR . "27.0.0") :WORKERS 1 :SAFETY 3 :TIMER-UNITS-PER-SECOND
 1000000 :LIMITS
 (:SUCCESS-PATH-ONLY :SERIAL :PREALLOCATED-INPUTS :NO-STRING-DECODE
  :COUNTER-NOT-ABSOLUTE-NONALLOCATION-PROOF :EXTERNAL-LOAD-UNCONTROLLED
  :NO-POOL-OR-DEVICE-THROUGHPUT :NO-SCALING-OR-LATENCY-THRESHOLD))
