ok    package ARCDOCDB presente
ok    ARCDOCDB:*VERSION* è una stringa
ok    TEST-REQ-AFF-004-TYPED-ERRORS-RENDERING
ok    TEST-REQ-FOR-003-OUT-OF-LINE-READERS
ok    TEST-REQ-FOR-003-LITTLE-ENDIAN
ok    TEST-REQ-FOR-003-RANGES
ok    TEST-REQ-FOR-003-CRC-KNOWN-VECTORS
ok    TEST-REQ-FOR-003-CRC-DIFFERENTIAL-INCREMENTAL
ok    TEST-REQ-FOR-003-INDEPENDENT-ENCODING-ORACLE
ok    TEST-REQ-LIM-001-ROUNDTRIP-VERSIONS
ok    TEST-REQ-LIM-003-KEY-BOUNDARIES
ok    TEST-REQ-LIM-001-DOCUMENT-BOUNDARIES
ok    TEST-REQ-FOR-003-EVERY-BYTE-CORRUPTION
ok    TEST-REQ-FOR-003-EVERY-TRUNCATION
ok    TEST-REQ-FOR-003-VALID-CRC-INVALID-FIELDS
ok    TEST-REQ-LIM-001-PREFLIGHT-NO-PARTIAL-WRITE
ok    TEST-REQ-AFF-002-INDEX-IDENTITY
ok    TEST-REQ-FOR-004-PREPARED-OUTCOME
ok    TEST-REQ-FOR-003-CONTROL-RECORD-SHAPES
ok    TEST-REQ-LIM-001-SEMANTIC-BOUNDARIES
ok    TEST-REQ-FOR-004-OUTCOME-PROVENANCE-FIELDS
ok    TEST-REQ-FOR-004-U64-BOTH-WORDS
ok    TEST-REQ-FOR-003-SEALED-BATCHES
ok    TEST-REQ-FOR-003-BATCH-ALL-TRUNCATIONS
ok    TEST-REQ-FOR-003-BATCH-SEAL-SEMANTIC-CORRUPTION
ok    TEST-REQ-FOR-003-BATCH-STAMP-AND-TYPE
ok    TEST-REQ-LIM-003-BATCH-BUDGETS
ok    TEST-REQ-FOR-004-BATCH-TXID-INDEPENDENT-OF-SEAL-CSN
26 test delle fondazioni superati.
ok    TEST-REQ-FOR-002-SEGMENT-HEADER-INDEPENDENT-ORACLE
ok    TEST-REQ-FOR-001-SEGMENT-HEADER-ALL-TRUNCATIONS-AND-BIT-FLIPS
ok    TEST-REQ-FOR-002-SEGMENT-HEADER-CRC-VALID-INVALID-FIELDS
ok    TEST-REQ-AFF-002-SEGMENT-HEADER-IDENTITY
ok    TEST-REQ-FOR-002-SEGMENT-HEADER-PREFLIGHT-PRESERVES-BUFFER
ok    TEST-REQ-FOR-002-LOG-HEADER-INDEPENDENT-ORACLE
ok    TEST-REQ-FOR-002-LOG-HEADER-DEFAULT-VERSION-IS-TWO
ok    TEST-REQ-FOR-001-LOG-HEADER-ALL-TRUNCATIONS
ok    TEST-REQ-FOR-001-LOG-HEADER-ALL-BIT-FLIPS
ok    TEST-REQ-FOR-002-LOG-HEADER-EVERY-RESERVED-BYTE
ok    TEST-REQ-FOR-002-LOG-HEADER-EVERY-IDENTITY-BYTE
ok    TEST-REQ-FOR-002-LOG-HEADER-CRC-VALID-WRONG-MAGIC
ok    TEST-REQ-FOR-002-LOG-HEADER-UNKNOWN-VERSION-WITH-VALID-CRC
ok    TEST-REQ-FOR-001-LOG-HEADER-CRC-BEFORE-UNKNOWN-VERSION
ok    TEST-REQ-FOR-002-LOG-HEADER-ENCODER-PREFLIGHT-PRESERVES-BUFFER
ok    TEST-REQ-FOR-002-LOG-HEADER-READER-PREFLIGHT
While evaluating the form starting at line 23, column 0
  of #P"/Users/gpicchiarelli/Documents/ArcDocDB/spikes/out/compaction-mutants/4/tools/build.lisp":
Unhandled ARCDOCDB.CONDITIONS:RESOURCE-EXHAUSTED in thread #<SB-THREAD:THREAD tid=259 "main thread" RUNNING
                                                              {8005810453}>:
  ArcDocDB: COMPACTION-BYTE-BUDGET all'offset 0

Backtrace for: #<SB-THREAD:THREAD tid=259 "main thread" RUNNING {8005810453}>
0: (SB-DEBUG::DEBUGGER-DISABLED-HOOK #<ARCDOCDB.CONDITIONS:RESOURCE-EXHAUSTED {8005327F03}> #<unused argument> :QUIT T)
1: (SB-DEBUG::RUN-HOOK *INVOKE-DEBUGGER-HOOK* #<ARCDOCDB.CONDITIONS:RESOURCE-EXHAUSTED {8005327F03}>)
2: (INVOKE-DEBUGGER #<ARCDOCDB.CONDITIONS:RESOURCE-EXHAUSTED {8005327F03}>)
3: (ERROR ARCDOCDB.CONDITIONS:RESOURCE-EXHAUSTED :REASON :COMPACTION-BYTE-BUDGET :OFFSET 0)
4: (ARCDOCDB.STORAGE.FORMAT::CHECK-COMPACTION-ARGUMENTS #(65 82 67 68 83 69 71 49 1 0 2 0 ...) 64 #(128 255 0 165 4 5 6 7 8 9 10 11 ...) 64 0)
5: (ARCDOCDB.STORAGE.FORMAT:VERIFICA-SEGMENTO-COMPATTATO #(65 82 67 68 83 69 71 49 1 0 2 0 ...) 64 #(128 255 0 165 4 5 6 7 8 9 10 11 ...) 18364758544493064720 :MAX-BYTES 64 :MAX-RECORDS 0)
6: (ARCDOCDB.STORAGE.TESTS::COMPACTION-ASSERT-RESULT #(65 82 67 68 83 69 71 49 1 0 2 0 ...) 64 #(128 255 0 165 4 5 6 7 8 9 10 11 ...) 18364758544493064720 (64 1 0 0 0) :MAX-BYTES 64 :MAX-RECORDS 0)
7: (ARCDOCDB.STORAGE.TESTS::TEST-REQ-FOR-002-COMPACTION-EMPTY-HEADERS)
8: (ARCDOCDB.STORAGE.TESTS:RUN)
9: ((:METHOD ASDF/ACTION:PERFORM (ASDF/LISP-ACTION:TEST-OP (EQL #<ASDF/SYSTEM:SYSTEM "arcdocdb/tests">))) #<unused argument> #<unused argument>) [fast-method]
10: ((SB-PCL::EMF ASDF/ACTION:PERFORM) #<unused argument> #<unused argument> #<ASDF/LISP-ACTION:TEST-OP > #<ASDF/SYSTEM:SYSTEM "arcdocdb/tests">)
11: ((LAMBDA NIL :IN ASDF/ACTION:CALL-WHILE-VISITING-ACTION))
12: ((:METHOD ASDF/ACTION:PERFORM-WITH-RESTARTS :AROUND (T T)) #<ASDF/LISP-ACTION:TEST-OP > #<ASDF/SYSTEM:SYSTEM "arcdocdb/tests">) [fast-method]
13: ((:METHOD ASDF/PLAN:PERFORM-PLAN (T)) #<ASDF/PLAN:SEQUENTIAL-PLAN {80052C0E83}>) [fast-method]
14: ((FLET SB-C::WITH-IT :IN SB-C::%WITH-COMPILATION-UNIT))
15: ((:METHOD ASDF/PLAN:PERFORM-PLAN :AROUND (T)) #<ASDF/PLAN:SEQUENTIAL-PLAN {80052C0E83}>) [fast-method]
16: ((:METHOD ASDF/OPERATE:OPERATE (ASDF/OPERATION:OPERATION ASDF/COMPONENT:COMPONENT)) #<ASDF/LISP-ACTION:TEST-OP > #<ASDF/SYSTEM:SYSTEM "arcdocdb"> :PLAN-CLASS NIL :PLAN-OPTIONS NIL) [fast-method]
17: ((SB-PCL::EMF ASDF/OPERATE:OPERATE) #<unused argument> #<unused argument> #<ASDF/LISP-ACTION:TEST-OP > #<ASDF/SYSTEM:SYSTEM "arcdocdb">)
18: ((LAMBDA NIL :IN ASDF/OPERATE:OPERATE))
19: ((:METHOD ASDF/OPERATE:OPERATE :AROUND (T T)) #<ASDF/LISP-ACTION:TEST-OP > #<ASDF/SYSTEM:SYSTEM "arcdocdb">) [fast-method]
20: ((SB-PCL::EMF ASDF/OPERATE:OPERATE) #<unused argument> #<unused argument> ASDF/LISP-ACTION:TEST-OP "arcdocdb")
21: ((LAMBDA NIL :IN ASDF/OPERATE:OPERATE))
22: ((:METHOD ASDF/OPERATE:OPERATE :AROUND (T T)) ASDF/LISP-ACTION:TEST-OP "arcdocdb") [fast-method]
23: (ASDF/SESSION:CALL-WITH-ASDF-SESSION #<FUNCTION (LAMBDA NIL :IN ASDF/OPERATE:OPERATE) {80052C0CEB}> :OVERRIDE T :KEY NIL :OVERRIDE-CACHE T :OVERRIDE-FORCING NIL)
24: ((LAMBDA NIL :IN ASDF/OPERATE:OPERATE))
25: (ASDF/SESSION:CALL-WITH-ASDF-SESSION #<FUNCTION (LAMBDA NIL :IN ASDF/OPERATE:OPERATE) {80052C0C1B}> :OVERRIDE NIL :KEY NIL :OVERRIDE-CACHE NIL :OVERRIDE-FORCING NIL)
26: ((:METHOD ASDF/OPERATE:OPERATE :AROUND (T T)) ASDF/LISP-ACTION:TEST-OP "arcdocdb") [fast-method]
27: (ASDF/OPERATE:TEST-SYSTEM "arcdocdb")
28: ("top level form") [toplevel]
29: ((FLET "G" :IN SB-C::%COMPILE-IN-LEXENV))
30: (SB-C::%COMPILE-IN-LEXENV (LET ((SB-KERNEL:*HANDLER-CLUSTERS* (CONS (LOAD-TIME-VALUE # T) . #1=(SB-KERNEL:*HANDLER-CLUSTERS*)))) (DECLARE (DYNAMIC-EXTENT . #1#)) (FUNCTION TREAT-AS-ERROR) (FUNCTION TREAT-AS-ERROR) (PROGN (ASDF/FIND-SYSTEM:LOAD-ASD (MERGE-PATHNAMES "arcdocdb.asd" (TRUENAME "./"))) (ASDF/OPERATE:LOAD-SYSTEM "arcdocdb" :FORCE T) (ASDF/OPERATE:TEST-SYSTEM "arcdocdb"))) #<NULL-LEXENV> NIL #<SB-C::SOURCE-INFO {80052C0973}> 3 NIL T T)
31: (SB-C:EVAL-WITH-COMPILE-IN-LEXENV (LET ((SB-KERNEL:*HANDLER-CLUSTERS* (CONS (LOAD-TIME-VALUE # T) . #1=(SB-KERNEL:*HANDLER-CLUSTERS*)))) (DECLARE (DYNAMIC-EXTENT . #1#)) (FUNCTION TREAT-AS-ERROR) (FUNCTION TREAT-AS-ERROR) (PROGN (ASDF/FIND-SYSTEM:LOAD-ASD (MERGE-PATHNAMES "arcdocdb.asd" (TRUENAME "./"))) (ASDF/OPERATE:LOAD-SYSTEM "arcdocdb" :FORCE T) (ASDF/OPERATE:TEST-SYSTEM "arcdocdb"))) #<NULL-LEXENV> #<SB-C::SOURCE-INFO {80052C0973}> 3 NIL)
32: (SB-IMPL::%SIMPLE-EVAL (LET ((SB-KERNEL:*HANDLER-CLUSTERS* (CONS (LOAD-TIME-VALUE # T) . #1=(SB-KERNEL:*HANDLER-CLUSTERS*)))) (DECLARE (DYNAMIC-EXTENT . #1#)) (FUNCTION TREAT-AS-ERROR) (FUNCTION TREAT-AS-ERROR) (PROGN (ASDF/FIND-SYSTEM:LOAD-ASD (MERGE-PATHNAMES "arcdocdb.asd" (TRUENAME "./"))) (ASDF/OPERATE:LOAD-SYSTEM "arcdocdb" :FORCE T) (ASDF/OPERATE:TEST-SYSTEM "arcdocdb"))) #<NULL-LEXENV>)
33: (SB-INT:SIMPLE-EVAL-IN-LEXENV (HANDLER-BIND ((WARNING (FUNCTION TREAT-AS-ERROR)) (STYLE-WARNING (FUNCTION TREAT-AS-ERROR))) (ASDF/FIND-SYSTEM:LOAD-ASD (MERGE-PATHNAMES "arcdocdb.asd" (TRUENAME "./"))) (ASDF/OPERATE:LOAD-SYSTEM "arcdocdb" :FORCE T) (ASDF/OPERATE:TEST-SYSTEM "arcdocdb")) #<NULL-LEXENV>)
34: (EVAL-TLF (HANDLER-BIND ((WARNING (FUNCTION TREAT-AS-ERROR)) (STYLE-WARNING (FUNCTION TREAT-AS-ERROR))) (ASDF/FIND-SYSTEM:LOAD-ASD (MERGE-PATHNAMES "arcdocdb.asd" (TRUENAME "./"))) (ASDF/OPERATE:LOAD-SYSTEM "arcdocdb" :FORCE T) (ASDF/OPERATE:TEST-SYSTEM "arcdocdb")) 3 NIL)
35: ((LABELS SB-FASL::EVAL-FORM :IN SB-INT:LOAD-AS-SOURCE) (HANDLER-BIND ((WARNING (FUNCTION TREAT-AS-ERROR)) (STYLE-WARNING (FUNCTION TREAT-AS-ERROR))) (ASDF/FIND-SYSTEM:LOAD-ASD (MERGE-PATHNAMES "arcdocdb.asd" (TRUENAME "./"))) (ASDF/OPERATE:LOAD-SYSTEM "arcdocdb" :FORCE T) (ASDF/OPERATE:TEST-SYSTEM "arcdocdb")) 3)
36: ((LAMBDA (SB-KERNEL:FORM &KEY :CURRENT-INDEX &ALLOW-OTHER-KEYS) :IN SB-INT:LOAD-AS-SOURCE) (HANDLER-BIND ((WARNING (FUNCTION TREAT-AS-ERROR)) (STYLE-WARNING (FUNCTION TREAT-AS-ERROR))) (ASDF/FIND-SYSTEM:LOAD-ASD (MERGE-PATHNAMES "arcdocdb.asd" (TRUENAME "./"))) (ASDF/OPERATE:LOAD-SYSTEM "arcdocdb" :FORCE T) (ASDF/OPERATE:TEST-SYSTEM "arcdocdb")) :CURRENT-INDEX 3)
37: (SB-C::%DO-FORMS-FROM-INFO #<FUNCTION (LAMBDA (SB-KERNEL:FORM &KEY :CURRENT-INDEX &ALLOW-OTHER-KEYS) :IN SB-INT:LOAD-AS-SOURCE) {1091A1B6B}> #<SB-C::SOURCE-INFO {80052C0973}> SB-C::INPUT-ERROR-IN-LOAD)
38: (SB-INT:LOAD-AS-SOURCE #<SB-INT:FORM-TRACKING-STREAM for "file /Users/gpicchiarelli/Documents/ArcDocDB/spikes/out/compaction-mutants/4/tools/build.lisp" {80052C0723}> :VERBOSE NIL :PRINT NIL :CONTEXT "loading")
39: ((LABELS SB-FASL::LOAD-STREAM-1 :IN LOAD) #<SB-INT:FORM-TRACKING-STREAM for "file /Users/gpicchiarelli/Documents/ArcDocDB/spikes/out/compaction-mutants/4/tools/build.lisp" {80052C0723}> NIL)
40: (SB-FASL::CALL-WITH-LOAD-BINDINGS #<FUNCTION (LABELS SB-FASL::LOAD-STREAM-1 :IN LOAD) {1091A163B}> #<SB-INT:FORM-TRACKING-STREAM for "file /Users/gpicchiarelli/Documents/ArcDocDB/spikes/out/compaction-mutants/4/tools/build.lisp" {80052C0723}> NIL #<SB-INT:FORM-TRACKING-STREAM for "file /Users/gpicchiarelli/Documents/ArcDocDB/spikes/out/compaction-mutants/4/tools/build.lisp" {80052C0723}>)
41: ((LABELS SB-FASL::LOAD-STREAM :IN LOAD) #<SB-INT:FORM-TRACKING-STREAM for "file /Users/gpicchiarelli/Documents/ArcDocDB/spikes/out/compaction-mutants/4/tools/build.lisp" {80052C0723}> NIL)
42: (LOAD "tools/build.lisp" :VERBOSE NIL :PRINT NIL :IF-DOES-NOT-EXIST :ERROR :EXTERNAL-FORMAT :DEFAULT)
43: (SB-INT:SIMPLE-EVAL-IN-LEXENV (LOAD "tools/build.lisp") #<NULL-LEXENV>)
44: (EVAL-TLF (LOAD "tools/build.lisp") 2 NIL)
45: ((LABELS SB-FASL::EVAL-FORM :IN SB-INT:LOAD-AS-SOURCE) (LOAD "tools/build.lisp") 2)
46: ((LAMBDA (SB-KERNEL:FORM &KEY :CURRENT-INDEX &ALLOW-OTHER-KEYS) :IN SB-INT:LOAD-AS-SOURCE) (LOAD "tools/build.lisp") :CURRENT-INDEX 2)
47: (SB-C::%DO-FORMS-FROM-INFO #<FUNCTION (LAMBDA (SB-KERNEL:FORM &KEY :CURRENT-INDEX &ALLOW-OTHER-KEYS) :IN SB-INT:LOAD-AS-SOURCE) {1091A0F1B}> #<SB-C::SOURCE-INFO {80052C0423}> SB-C::INPUT-ERROR-IN-LOAD)
48: (SB-INT:LOAD-AS-SOURCE #<SB-SYS:FD-STREAM for "file /Users/gpicchiarelli/Documents/ArcDocDB/spikes/out/compaction-mutants/4/tools/compaction-isolated-build.lisp" {80052C0043}> :VERBOSE NIL :PRINT NIL :CONTEXT "loading")
49: ((LABELS SB-FASL::LOAD-STREAM-1 :IN LOAD) #<SB-SYS:FD-STREAM for "file /Users/gpicchiarelli/Documents/ArcDocDB/spikes/out/compaction-mutants/4/tools/compaction-isolated-build.lisp" {80052C0043}> NIL)
50: (SB-FASL::CALL-WITH-LOAD-BINDINGS #<FUNCTION (LABELS SB-FASL::LOAD-STREAM-1 :IN LOAD) {1091A09EB}> #<SB-SYS:FD-STREAM for "file /Users/gpicchiarelli/Documents/ArcDocDB/spikes/out/compaction-mutants/4/tools/compaction-isolated-build.lisp" {80052C0043}> NIL #<SB-SYS:FD-STREAM for "file /Users/gpicchiarelli/Documents/ArcDocDB/spikes/out/compaction-mutants/4/tools/compaction-isolated-build.lisp" {80052C0043}>)
51: ((LABELS SB-FASL::LOAD-STREAM :IN LOAD) #<SB-SYS:FD-STREAM for "file /Users/gpicchiarelli/Documents/ArcDocDB/spikes/out/compaction-mutants/4/tools/compaction-isolated-build.lisp" {80052C0043}> NIL)
52: (LOAD #<SB-SYS:FD-STREAM for "file /Users/gpicchiarelli/Documents/ArcDocDB/spikes/out/compaction-mutants/4/tools/compaction-isolated-build.lisp" {80052C0043}> :VERBOSE NIL :PRINT NIL :IF-DOES-NOT-EXIST :ERROR :EXTERNAL-FORMAT :DEFAULT)
53: ((FLET SB-IMPL::LOAD-SCRIPT :IN SB-IMPL::PROCESS-SCRIPT) #<SB-SYS:FD-STREAM for "file /Users/gpicchiarelli/Documents/ArcDocDB/spikes/out/compaction-mutants/4/tools/compaction-isolated-build.lisp" {80052C0043}>)
54: ((FLET SB-UNIX::BODY :IN SB-IMPL::PROCESS-SCRIPT))
55: ((FLET "WITHOUT-INTERRUPTS-BODY-" :IN SB-IMPL::PROCESS-SCRIPT))
56: (SB-IMPL::PROCESS-SCRIPT "tools/compaction-isolated-build.lisp")
57: (SB-IMPL::TOPLEVEL-INIT)
58: ((FLET SB-UNIX::BODY :IN SB-IMPL::START-LISP))
59: ((FLET "WITHOUT-INTERRUPTS-BODY-3" :IN SB-IMPL::START-LISP))
60: (SB-IMPL::%START-LISP)

unhandled condition in --disable-debugger mode, quitting
; 
; compilation unit aborted
;   caught 1 fatal ERROR condition
